[  1/200] jcmobilecigars.com                            parked       200
[  2/200] somalidisablesupport.com                      content      200
[  3/200] yourfamilylines.com                           content      200
[  4/200] szentkristofudvarhaz.hu                       content      200
[  5/200] disneystore.com                               content      200
[  6/200] chavchavadze-m2-41-tbilisi.booked.net         not_found    404
[  7/200] trs-energycontrol.de                          content      200
[  8/200] xn--kleoghvidevareservice-qfc.dk              content      200
[  9/200] gogroupauto.com                               content      200
[ 10/200] 231selfstorage.com                            challenged   403
[ 11/200] globalrn.com                                  http_error   526
[ 12/200] cytofastmed.com                               content      200
[ 13/200] 5starremoval.weebly.com                       not_found    404
[ 14/200] coenzwezerijnen.nu                            error        -
[ 15/200] gutendorf.ru                                  content      200
[ 16/200] katesworldtravel.com                          content      200
[ 17/200] 3xd.co.uk                                     challenged   403
[ 18/200] gapconstructionwi.com                         content      200
[ 19/200] imgs.co.jp                                    content      200
[ 20/200] clotting-guide.online                         content      200
[ 21/200] 38inspect.com                                 content      200
[ 22/200] newbeaverborough.org                          content      200
[ 23/200] largsbaychiropractic.com.au                   content      200
[ 24/200] rsthealthcare.com                             content      200
[ 25/200] dioxoxigenio.com.br                           content      200
[ 26/200] doringpoort.com                               content      200
[ 27/200] fsbwyoming.com                                content      200
[ 28/200] msc-manching.de                               content      200
[ 29/200] sgsextremaratio.it                            content      200
[ 30/200] coastwidemechanicalcentralcoast.com.au        content      200
[ 31/200] amourfinder.com                               content      200
[ 32/200] lojatatical.com.br                            content      200
[ 33/200] jobresourcecentre.com                         content      200
[ 34/200] ferienwohnung-kastell.de                      content      200
[ 35/200] 253media.com                                  content      200
[ 36/200] velvety.eu                                    content      200
[ 37/200] doortodoororganics.com                        content      200
[ 38/200] kentpropertyrenovations.co.uk                 content      200
[ 39/200] fisherinvestments.com                         http_error   403
[ 40/200] rionecontrastanga.net                         content      200
[ 41/200] stwannas.com                                  challenged   403
[ 42/200] empresasori.com                               content      200
[ 43/200] familybroker.cz                               content      200
[ 44/200] genesisny.net                                 content      200
[ 45/200] 5w.design                                     challenged   403
[ 46/200] huberautomotive.com                           content      200
[ 47/200] marien-apotheke-grefrath-app.de               content      200
[ 48/200] centreconsiliereavort.ro                      content      200
[ 49/200] infoaboutnetwork.com                          content      200
[ 50/200] 11853prospecthill.com                         content      200
[ 51/200] passwordstore.it                              content      200
[ 52/200] avocatalinamanciu.ro                          content      200
[ 53/200] abcdpinturas.com.br                           not_found    404
[ 54/200] dssfla.com                                    content      200
[ 55/200] weducars.co.za                                content      200
[ 56/200] 4stonebuildings.com                           content      200
[ 57/200] maniaupiekszania.pl                           content      200
[ 58/200] sprucemeadowsmd.com                           content      200
[ 59/200] natedea.co.uk                                 challenged   403
[ 60/200] loizillon.com                                 content      200
[ 61/200] haus-muehlenfeld-pommerby.de                  content      200
[ 62/200] arenaskolor.se                                content      200
[ 63/200] boken.ch                                      content      200
[ 64/200] restwellstreetmedicalcentre.com.au            content      200
[ 65/200] den-a-sha.co.jp                               content      200
[ 66/200] 365outsource.com                              http_error   429
[ 67/200] aida-cruises.at                               http_error   403
[ 68/200] lets.gr                                       content      200
[ 69/200] skywayrestaurants.net                         content      200
[ 70/200] 2020wealthadvisory.com                        content      200
[ 71/200] hnafirm.com                                   content      200
[ 72/200] itsolutions24.pl                              content      200
[ 73/200] aaice.net                                     content      200
[ 74/200] ecolab.com                                    http_error   504
[ 75/200] mehmetefendimacedonia.com                     content      200
[ 76/200] laplumedelisibilite.fr                        content      200
[ 77/200] 2ldm.com                                      content      200
[ 78/200] westchesterpointechiro.com                    content      200
[ 79/200] cei-expertises.fr                             http_error   429
[ 80/200] seringa-safaris.com                           content      200
[ 81/200] 1planettechnologies.weebly.com                content      200
[ 82/200] soziale-dreigliederung.de                     http_error   403
[ 83/200] premierhomeremodeling.net                     content      200
[ 84/200] bas-ingenieria.cl                             content      200
[ 85/200] produkttheater.de                             http_error   403
[ 86/200] unnames.com                                   content      200
[ 87/200] handycars.com                                 content      200
[ 88/200] antikebau.de                                  http_error   500
[ 89/200] 3strandschurch.org                            challenged   403
[ 90/200] alabamabuildingcontractor.com                 content      200
[ 91/200] resourceservicesolutions.com                  content      200
[ 92/200] skywardspeech.com.au                          content      200
[ 93/200] sevecoitalia.com                              content      200
[ 94/200] nielsbirk.dk                                  content      200
[ 95/200] branson-connection.com                        content      200
[ 96/200] phucankhanggroup.com                          content      200
[ 97/200] roccofortehotels.cn                           content      200
[ 98/200] everhartsoutdoor.com                          http_error   403
[ 99/200] europeaninns.com                              content      200
[100/200] massageforworldpeace.com                      content      200
[101/200] cultivateventures.co.nz                       content      200
[102/200] amaronbattery.in                              content      200
[103/200] radxmobile.com                                content      200
[104/200] 2-com.net                                     content      200
[105/200] 3bsexcavating.com                             challenged   403
[106/200] weissbauchpapageien.de                        challenged   403
[107/200] 959marine.com                                 content      200
[108/200] hansis-knusperhendl-foodtruck.eatbu.com       content      200
[109/200] broganlmt.com                                 content      200
[110/200] juanmunozhomesmart.com                        http_error   403
[111/200] buchhaltungsservice-koenig.de                 content      200
[112/200] solvos.nl                                     content      200
[113/200] 261welfarefund.com                            challenged   403
[114/200] costa-coffee.be                               error        -
[115/200] startravelcompany.com                         error        -
[116/200] disinfestazioniepiscine.it                    content      200
[117/200] lscms.org                                     content      200
[118/200] 3dwealthadvisory.com                          content      200
[119/200] jackwills.com                                 content      200
[120/200] nevsproductions.com                           not_found    404
[121/200] kande-hoikuen.ed.jp                           content      200
[122/200] orifoodsco.com                                content      200
[123/200] deerfieldbeachautomall.com                    content      200
[124/200] insieme.stanford.edu                          content      200
[125/200] layer7innovations.ca                          content      200
[126/200] makpharma-eg.com                              content      200
[127/200] ejc-courtage-assurances.fr                    content      200
[128/200] ferrateoxidant.com                            content      200
[129/200] oakwell.vet                                   content      200
[130/200] mysterion.hr                                  content      200
[131/200] howellmotors.com                              content      200
[132/200] lorenz-baumarkt.de                            content      200
[133/200] eclairage-solaire-occitanie.com               not_found    404
[134/200] cmc01village.com                              not_found    404
[135/200] maiquotes.net                                 content      200
[136/200] cmresolutions.com                             content      200
[137/200] wglchurch.com                                 error        -
[138/200] nwmotorinn.com                                error        -
[139/200] dorpsbelangen.nu                              content      200
[140/200] littlerockafamily.de                          error        -
[141/200] evelynanders.com                              content      200
[142/200] domekvefaru.com                               content      200
[143/200] sdmdjentertainment.com                        content      200
[144/200] ideenhunger.com                               content      200
[145/200] jenniferbacksteininteriors.com                http_error   499
[146/200] elcolegiocongresosyrestaurante.com            content      200
[147/200] northshoremacnut.com                          content      200
[148/200] powercleaning.services                        http_error   403
[149/200] stoperbis.pl                                  content      200
[150/200] verticalcommunitychurch.com                   error        -
[151/200] gitesducharmois.fr                            content      200
[152/200] allegrocreditbeta.com                         content      200
[153/200] hoffmaninstitute.co.uk                        content      200
[154/200] a3sec.com                                     content      200
[155/200] concrete-fitness.edan.io                      challenged   403
[156/200] nicholsonchiro.com                            content      200
[157/200] la-residenza-del-principe-rome-it.booked.net  not_found    404
[158/200] jonesbuickgmc.com                             content      200
[159/200] xn--jobvrkstedet-9cb.nu                       content      200
[160/200] appelpsychotherapy.com                        content      200
[161/200] brucebournesold.com                           http_error   403
[162/200] pcb-cpb.com                                   content      200
[163/200] chiantifiorentino.it                          content      200
[164/200] 11thhourracing.org                            content      200
[165/200] miratrade.com.tr                              content      200
[166/200] freo.com.au                                   content      200
[167/200] fluxar.com.ar                                 http_error   429
[168/200] redpants.jp                                   content      200
[169/200] bata.edu.hu                                   content      200
[170/200] 3-energie-klaas.de                            content      200
[171/200] labdemo.com                                   content      200
[172/200] 1ststopsupply.com                             http_error   409
[173/200] celiabedilia.com                              content      200
[174/200] davidloeppke.com                              content      200
[175/200] wrinkle-pei.cz                                content      200
[176/200] koniczynka.info.pl                            content      200
[177/200] footasylum.com                                content      200
[178/200] 2agateway.com                                 content      200
[179/200] ledestjernenstu.dk                            content      200
[180/200] 1stlocksheathscouts.org.uk                    challenged   403
[181/200] tamcconstruction.net                          content      200
[182/200] abbikadabbisbakingco.com                      content      200
[183/200] herbalwise.ie                                 error        -
[184/200] deepseass.com                                 content      200
[185/200] aardvarkelectriccorp.com                      http_error   409
[186/200] needaphysio.com                               content      200
[187/200] thomasrosenbaum.com                           content      200
[188/200] 100wwcstlw.org                                content      200
[189/200] shapirolawfirm.com                            content      200
[190/200] joseph-herber.business.site                   not_found    404
[191/200] arol.cl                                       content      200
[192/200] sindacatobadanti.it                           http_error   503
[193/200] 1stclairavewest.com                           http_error   409
[194/200] lighthouseprc.org                             content      200
[195/200] 5rcircleprocess.weebly.com                    content      200
[196/200] unitedveterinaryservice.com                   content      200
[197/200] construccionesyatecnicas.com                  content      200
[198/200] joburgheritage.org.za                         content      200
[199/200] bfnelson.it                                   content      200
[200/200] rivithead.com                                 content      200

==========================================================================================
OUTCOME DISTRIBUTION
  content         153  (76%)
  http_error       19  (10%)
  challenged       11  (6%)
  not_found         8  (4%)
  error             8  (4%)
  parked            1  (0%)

ERROR TYPES (domains with no response at all)
  ConnectError                        5
  ReadTimeout                         2
  ConnectTimeout                      1

HTTP STATUS CODES
  200             154
  403              19
  404               8
  429               3
  409               3
  526               1
  504               1
  500               1
  499               1
  503               1

FALLBACKS USED
  needed >1 attempt        23
  landed on http://         7
  had redirects            70

TIMING (seconds, successful fetches)
  median 0.85   p90 3.05   max 10.06

BODY SIZE (bytes)
  min 0   median 73168   p90 452308   max 1214014

HEADER NAMES BY NUMBER OF DOMAINS (top 60)
   192  date
   189  content-type
   177  server
   168  connection
   160  content-encoding
   151  vary
   128  transfer-encoding
    81  cache-control
    74  alt-svc
    68  set-cookie
    66  link
    64  content-length
    64  x-content-type-options
    56  strict-transport-security
    56  cf-ray
    53  keep-alive
    51  x-frame-options
    47  expires
    44  content-security-policy
    42  etag
    41  last-modified
    38  cf-cache-status
    35  referrer-policy
    31  server-timing
    30  accept-ranges
    27  x-powered-by
    25  age
    23  x-xss-protection
    22  pragma
    21  upgrade
    20  permissions-policy
    18  report-to
    18  nel
    15  x-cache
    13  content-language
    12  x-cache-status
    12  accept-ch
    11  x-served-by
    10  x-akamai-transformed
    10  x-wix-request-id
    10  x-seen-by
     9  cross-origin-embedder-policy
     9  cross-origin-resource-policy
     9  cross-origin-opener-policy
     9  critical-ch
     9  origin-agent-cluster
     9  cf-mitigated
     8  x-request-id
     8  via
     8  x-ua-compatible
     6  x-contextid
     5  x-host
     5  x-cache-hits
     5  mime-version
     5  cdn-cache-control
     4  x-nginx-cache
     4  x-endurance-cache-level
     4  x-akam-sw-version
     4  ki-cache-type
     4  ki-origin

COOKIE NAMES BY NUMBER OF DOMAINS (top 40)
    28  __cf_bm
     9  sec-fetch-unsupported
     9  ssr-caching
     7  PHPSESSID
     4  ddc_diag_akam_clientIP
     4  DDC.userCoordinates
     4  ddc_diag_akam_requestID
     4  ddc_diag_akam_fullPath
     4  ddc_akam_bot
     4  ddc_diag_akam_ghostIP
     4  DDC.postalCode
     4  ddc_diag_akam_currentTime
     4  locale
     4  DDC.postalCityState
     4  _cfuvid
     3  ak_bmsc
     3  bm_mi
     3  bm_sz
     2  _abck
     2  dps_site_id
     1  dwac_ce1778d758bedaf518fe9c128f
     1  cquid
     1  dwsid
     1  dwanonymous_ca51daa3b1c83e95cf912612718c3c38
     1  __cq_dnt
     1  sid
     1  cqcid
     1  wr_entry_path
     1  dw_dnt
     1  AWSALB
     1  AWSALBCORS
     1  lid
     1  lpvi
     1  pub_locale
     1  referer
     1  ulpvi
     1  TRACK_VISIT
     1  pub_cookieBootstrapParams
     1  JSESSIONID
     1  akacd_myAIDA_App_Testing
